// Jest Snapshot v1, https://goo.gl/fbAQLP

exports[`renders Details correctly 1`] = `
<h2
  className="info-value"
>
  loading...
</h2>
`;
